  SZACHY.cpp
D:\RZECZY DO ZOSTAWIENIA PO FORMACIE\raylib-master\projects\VS2019\SZACHY\Tkoordynaty.h(4,9): error C1083: Cannot open include file: 'raylib.h': No such file or directory
  (compiling source file 'SZACHY.cpp')
  
  Tgoniec.cpp
D:\RZECZY DO ZOSTAWIENIA PO FORMACIE\raylib-master\projects\VS2019\SZACHY\Tkoordynaty.h(4,9): error C1083: Cannot open include file: 'raylib.h': No such file or directory
  (compiling source file 'Tgoniec.cpp')
  
  Thetman.cpp
D:\RZECZY DO ZOSTAWIENIA PO FORMACIE\raylib-master\projects\VS2019\SZACHY\Tkoordynaty.h(4,9): error C1083: Cannot open include file: 'raylib.h': No such file or directory
  (compiling source file 'Thetman.cpp')
  
  Tkrol.cpp
D:\RZECZY DO ZOSTAWIENIA PO FORMACIE\raylib-master\projects\VS2019\SZACHY\Tkoordynaty.h(4,9): error C1083: Cannot open include file: 'raylib.h': No such file or directory
  (compiling source file 'Tkrol.cpp')
  
  Tpion.cpp
D:\RZECZY DO ZOSTAWIENIA PO FORMACIE\raylib-master\projects\VS2019\SZACHY\Tkoordynaty.h(4,9): error C1083: Cannot open include file: 'raylib.h': No such file or directory
  (compiling source file 'Tpion.cpp')
  
  Tpole.cpp
D:\RZECZY DO ZOSTAWIENIA PO FORMACIE\raylib-master\projects\VS2019\SZACHY\Tkoordynaty.h(4,9): error C1083: Cannot open include file: 'raylib.h': No such file or directory
  (compiling source file 'Tpole.cpp')
  
  Tskoczek.cpp
D:\RZECZY DO ZOSTAWIENIA PO FORMACIE\raylib-master\projects\VS2019\SZACHY\Tkoordynaty.h(4,9): error C1083: Cannot open include file: 'raylib.h': No such file or directory
  (compiling source file 'Tskoczek.cpp')
  
  Tszachownica.cpp
D:\RZECZY DO ZOSTAWIENIA PO FORMACIE\raylib-master\projects\VS2019\SZACHY\Tkoordynaty.h(4,9): error C1083: Cannot open include file: 'raylib.h': No such file or directory
  (compiling source file 'Tszachownica.cpp')
  
  Twierza.cpp
D:\RZECZY DO ZOSTAWIENIA PO FORMACIE\raylib-master\projects\VS2019\SZACHY\Tkoordynaty.h(4,9): error C1083: Cannot open include file: 'raylib.h': No such file or directory
  (compiling source file 'Twierza.cpp')
  
  TzwyklyPionek.cpp
D:\RZECZY DO ZOSTAWIENIA PO FORMACIE\raylib-master\projects\VS2019\SZACHY\Tkoordynaty.h(4,9): error C1083: Cannot open include file: 'raylib.h': No such file or directory
  (compiling source file 'TzwyklyPionek.cpp')
  
  Generating Code...
